["```\nBig4 ~ # df -h\nFilesystem            Size  Used Avail Use% Mounted on\n/dev/sda3              97G   48G   45G  52% /\ntmpfs                 5.9G  780K  5.9G   1% /dev/shm\n/dev/sda1             485M   51M  409M  12% /boot\n/dev/sda2             385G  124G  242G  34% /data\n/dev/sda5              49G  8.3G   38G  19% /lewis\n/dev/sdf1             932G  243G  690G  27% /megadrive\n/dev/sdg1             7.3G  3.1G  4.3G  42% /usb\n\n```", "```\n    fdisk /dev/sdb\n\n    ```", "```\n    enter a d\n\n    ```", "```\n    enter an n\n    ```", "```\n    enter +1G\n\n    ```", "```\n     Command (m for help): p\n     Disk /dev/sdb: 4009 MB, 4009754624 bytes, 7831552 sectors\n     Units = sectors of 1 * 512 = 512 bytes\n     Sector size (logical/physical): 512 bytes / 512 bytes\n     I/O size (minimum/optimal): 512 bytes / 512 bytes\n     Disk identifier: 0xc3072e18\n     Device Boot      Start         End      Blocks   Id  System\n     /dev/sdb1            2048     2099199     1048576   83  Linux\n     Command (m for help):\n\n    ```", "```\n    enter n, then p, then 2, and the default first sector\n\n    ```", "```\n    enter +2G\n\n    ```", "```\n    enter a p\n\n    ```", "```\n    enter a q\n\n    ```", "```\n    dmesg | tail -20\n\n    ```", "```\n    umount /dev/sdh1\n\n    ```", "```\n    Big2 /temp # mkfs -V -t vfat /dev/sdh1\n    mkfs (util-linux 2.21.2)\n    mkfs.vfat /dev/sdh1\n    mkfs.vfat 3.0.12 (29 Oct 2011)\n\n    ```", "```\n    Big2 /temp # ls -la /usb2\n    total 8\n    drwxr-xr-x.  2 root root 4096 Dec 31  1969 .\n    dr-xr-xr-x. 25 root root 4096 Jun  7 10:04 ..\n\n    ```", "```\n fsck [-lsAVRTMNP] [-C [fd]] [-t fstype] [filesys...]  [--] [fs-specific-options]\n\n```", "```\n    dmesg | tail -20\n\n    ```", "```\n    Big2 /home/guest1 # fsck -N /dev/sdh1\n    fsck from util-linux 2.21.2\n    [/sbin/fsck.vfat (1) -- /dev/sdh1] fsck.vfat /dev/sdh1\n\n    ```", "```\n    Big2 /home/guest1 # fsck -C /dev/sdh1\n    fsck from util-linux 2.21.2\n    dosfsck 3.0.12, 29 Oct 2011, FAT32, LFN\n    /dev/sdh1: 1743 files, 234381/977025 clusters\n\n    ```", "```\n    pvdisplay\n\n    ```", "```\n    pvscan\n\n    ```", "```\n    vgdisplay\n\n    ```", "```\n    vgs\n\n    ```", "```\n    vgscan\n\n    ```", "```\n    lvdisplay\n\n    ```", "```\n    lvmdiskscan\n\n    ```", "```\n    lvs\n\n    ```", "```\n    lvscan\n\n    ```"]