["```\nelliot\u00a9ubuntu-linux:-$ date \nTue Feb 17 16:39:13 CST 2020\n```", "```\nelliot\u00a9ubuntu-linux:-$ blabla \nblabla: command not found\n```", "```\nelliot\u00a9ubuntu-linux:-$ lscpu \nArchitecture:          x86_64\nCPU op-mode(s):        32-bit, 64-bit \nByte Order:            Little Endian\nCPU(s):                1\nOn-line CPU(s) list:   0\nThread(s) per core:    1 \nCore(s) per socket:    1 \nSocket(s):             1\nNUMA node(s):          1\nVendor ID:             GenuineIntel\nCPU family:            6\nModel:                 61\nModel name:            Intel(R) Core(TM) i5-5300U CPU\u00a9 2.30GHz Stepping: 4\nCPU MHz:               2294.678\nBogoMIPS:              4589.35\nHypervisor vendor:     KVM \nVirtualization type:   full \nLid cache:             32K\nL1i cache:             32K\nL2 cache:              256K\nL3 cache:              3072K \nNUMA nodeO CPU(s):     0\nFlags:                 fpu vme de pse tsc msr pae mce cx8 apic sep mtrr\n```", "```\nelliot\u00a9ubuntu-linux:-$ uptime\n18:48:04 up 4 days, 4:02, 1 user, load average: 0.98, 2.12, 3.43\n```", "```\nload average: 2.00, 4.00, 6.00\n```", "```\nload average: 1.00, 3.00, 7.00\n```", "```\nload average: 5.00, 3.00, 2.00\n```", "```\nelliot\u00a9ubuntu-linux:-$ reboot\n```", "```\nelliot\u00a9ubuntu-linux:-$ pwd\n/home/elliot\n```", "```\n/home/your_username\n```", "```\nelliot\u00a9ubuntu-linux:-$ ls\nDesktop Documents Downloads Music Pictures Public Videos\n```", "```\nelliot\u00a9ubuntu-linux:-$ passwd \nChanging password for elliot. \n(current) UNIX password:\nEnter new UNIX password:\nRetype new UNIX password:\npasswd: password updated successfully\n```", "```\nelliot\u00a9ubuntu-linux:-$ hostname \nubuntu-linux\n```", "```\nelliot\u00a9ubuntu-linux:-$ free\n total      used    free   shared   buff/cache  available \nMem:    4039732   1838532  574864    71900      1626336    1848444\nSwap:    969960         0  969960\n```", "```\nelliot\u00a9ubuntu-linux:-$ free -h\n total     used     free     shared     buff/cache     available\nMem:      3.9G     1.8G     516M        67M           1.6G          1.7G\nSwap:     947M       OB     947M \n```", "```\nelliot\u00a9ubuntu-linux:-$ free --human\n total     used     free     shared     buff/cache     available\nMem:      3.9G     1.8G     516M        67M           1.6G          1.7G\nSwap:     947M       OB     947M \n```", "```\nelliot\u00a9ubuntu-linux:-$ df\nFilesystem     1K-blocks     Used     Available     Use%      Mounted on\nudev             1989608        0       1989608       0%            /dev\ntmpfs             403976     1564        402412       1%            /run\n/dev/sda1       20509264  6998972      12445436      36%           /\ntmpfs            2019864    53844       1966020       3%        /dev/shm\ntmpfs               5120        4          5116       1%       /run/lock\ntmpfs            2019864        0       2019864       0%  /sys/fs/cgroup\n/dev/loop0         91648    91648             0     100% /snap/core/6130\ntmpfs             403972       28        403944       1%   /run/user/121\ntmpfs             403972       48        403924       1%  /run/user/1000\n```", "```\nelliot\u00a9ubuntu-linux:-$ df -h\nFilesystem       Size      Used      Avail     Use%      Mounted on\nudev             1.9G         0       1.9G       0%            /dev\ntmpfs            395M      1.6M       393M       1%            /run\n/dev/sda1         20G      6.7G        12G      36%            /\ntmpfs            2.0G       57M       1.9G       3%        /dev/shm\ntmpfs            5.0M      4.0K       5.0M       1%       /run/lock\ntmpfs            2.0G         0       2.0G       0%  /sys/fs/cgroup\n/dev/loop0        90M       90M          0     100% /snap/core/6130\ntmpfs            395M       28K       395M       1%   /run/user/121\ntmpfs            395M       48K       395M       1%  /run/user/1000\n```", "```\nelliot\u00a9ubuntu-linux:-$ echo Cats are better than Dogs! \nCats are better than Dogs!\n```", "```\nelliot\u00a9ubuntu-linux:-$ history\n1 date\n2 blabla\n3 cal\n4 cal 2022\n5 cal feb 1993\n6 clear\n7 lscpu\n8 uptime\n9 reboot\n10 pwd\n11 ls\n12 passwd\n13 hostname\n14 free\n15 free -h\n16 free --human\n17 df\n18 df -h\n19 echo Cats are better than Dogs!\n20 history\n```", "```\nelliot\u00a9ubuntu-linux:-$ !7 \nlscpu\nArchitecture:         x86_64\nCPU op-mode(s):       32-bit, 64-bit\nByte Order:           Little Endian \nCPU(s):               1\nOn-line CPU(s) list:  0\nThread(s) per core:   1\nCore(s) per socket:   1\nSocket(s):            1\nNUMA node(s):         1\nVendor ID:            GenuineIntel\nCPU family:           6\nModel:                61\nModel name:           Intel(R) Core(TM) i5-5300U CPU @ 2.30GHz\nStepping:             4\nCPU MHz:              2294.678\nBogoMIPS:             4589.35\nHypervisor vendor:    KVM\nVirtualization type:  full\nLid cache:            32K\nL1i cache:            32K\n12 cache:             256K\n13 cache:             3072K \nNUMA node0 CPU(s):    0\nFlags:                fpu vme de pse tsc msr pae mce cx8 apic sep mtrr\n```", "```\nelliot\u00a9ubuntu-linux:-$ uname \nLinux\n```", "```\nelliot\u00a9ubuntu-linux:-$ uname -v\n#33-Ubuntu SMP Wed Apr 29 14:32:27 UTC 2020\n```", "```\nelliot\u00a9ubuntu-linux:-$ uname -r \n5.4.0-29-generic\n```", "```\nelliot\u00a9ubuntu-linux:-$ uname -a\nLinux ubuntu-linux 5.4.0-29-generic #33-Ubuntu SMP\nWed Apr 29 14:32:27 UTC 2020 x86_64 x86_64 x86_64 GNU/Linux\n```", "```\nelliot\u00a9ubuntu-linux:-$ lsb_release -a \nNo LSB modules are available.\nDistributor ID: Ubuntu \nDescription: Ubuntu 20.04 LTS \nRelease: 20.04\nCodename: focal\n```", "```\nelliot\u00a9ubuntu-linux:-$ exit\n```", "```\nload average: 2.12, 3.09, 4.03\n```", "```\nload average: 0.30, 1.09, 2.03\n```"]