["```\nApr 26 10:25:44 nfs kernel: md/raid1:md127: Disk failure on sdb1, disabling device.\nmd/raid1:md127: Operation continuing on 1 devices.\nApr 26 10:25:55 nfs kernel: md: unbind<sdb1>\nApr 26 10:25:55 nfs kernel: md: export_rdev(sdb1)\nApr 26 10:27:20 nfs kernel: md: bind<sdb1>\nApr 26 10:27:20 nfs kernel: md: recovery of RAID array md127\nApr 26 10:27:20 nfs kernel: md: minimum _guaranteed_  speed: 1000 KB/sec/disk.\nApr 26 10:27:20 nfs kernel: md: using maximum available idle IO bandwidth (but not more than 200000 KB/sec) for recovery.\nApr 26 10:27:20 nfs kernel: md: using 128k window, over a total of 511936k.\nApr 26 10:27:20 nfs kernel: md: md127: recovery done.\n\n```", "```\nApr 26 10:25:44 nfs kernel: md/raid1:md127: Disk failure on sdb1, disabling device.\nmd/raid1:md127: Operation continuing on 1 devices.\n\n```", "```\nApr 26 10:25:44 nfs kernel: md/raid1:md127: Disk failure on sdb1, disabling device.\nmd/raid1:md127: Operation continuing on 1 devices.\n\n```", "```\nApr 26 10:25:55 nfs kernel: md: unbind<sdb1>\nApr 26 10:25:55 nfs kernel: md: export_rdev(sdb1)\nApr 26 10:27:20 nfs kernel: md: bind<sdb1>\nApr 26 10:27:20 nfs kernel: md: recovery of RAID array md127\nApr 26 10:27:20 nfs kernel: md: minimum _guaranteed_  speed: 1000 KB/sec/disk.\n\n```", "```\nApr 26 10:25:55 nfs kernel: md: unbind<sdb1>\n\n```", "```\nApr 26 10:27:20 nfs kernel: md: bind<sdb1>\n\n```", "```\nApr 26 10:27:20 nfs kernel: md: recovery of RAID array md127\nApr 26 10:27:20 nfs kernel: md: minimum _guaranteed_  speed: 1000 KB/sec/disk.\n\n```", "```\nApr 26 10:27:20 nfs kernel: md: md127: recovery done.\n\n```", "```\n[nfs]# mdadm --detail /dev/md127\n/dev/md127:\n Version : 1.0\n Creation Time : Wed Apr 15 09:39:22 2015\n Raid Level : raid1\n Array Size : 511936 (500.02 MiB 524.22 MB)\n Used Dev Size : 511936 (500.02 MiB 524.22 MB)\n Raid Devices : 2\n Total Devices : 1\n Persistence : Superblock is persistent\n\n Intent Bitmap : Internal\n\n Update Time : Sun May 10 06:16:10 2015\n State : clean, degraded \n Active Devices : 1\nWorking Devices : 1\n Failed Devices : 0\n Spare Devices : 0\n\n Name : localhost:boot\n UUID : 7adf0323:b0962394:387e6cd0:b2914469\n Events : 52\n\n Number   Major   Minor   RaidDevice State\n 0       8        1        0      active sync   /dev/sda1\n 2       0        0        2      removed\n\n```", "```\n/dev/md127:\n Version : 1.0\n Creation Time : Wed Apr 15 09:39:22 2015\n Raid Level : raid1\n Array Size : 511936 (500.02 MiB 524.22 MB)\n Used Dev Size : 511936 (500.02 MiB 524.22 MB)\n Raid Devices : 2\n Total Devices : 1\n Persistence : Superblock is persistent\n\n```", "```\n Intent Bitmap : Internal\n\n Update Time : Sun May 10 06:16:10 2015\n State : clean, degraded \n Active Devices : 1\nWorking Devices : 1\n Failed Devices : 0\n Spare Devices : 0\n\n Name : localhost:boot\n UUID : 7adf0323:b0962394:387e6cd0:b2914469\n Events : 52\n\n Number   Major   Minor   RaidDevice State\n 0       8        1        0      active sync   /dev/sda1\n 2       0        0        2      removed\n\n```", "```\n Number   Major   Minor   RaidDevice State\n 0       8        1        0      active sync   /dev/sda1\n 2       0        0        2      removed\n\n```", "```\n[nfs]# cat /proc/mdstat \nPersonalities : [raid1] \nmd126 : active raid1 sda2[0]\n 7871488 blocks super 1.2 [2/1] [U_]\n bitmap: 1/1 pages [4KB], 65536KB chunk\n\nmd127 : active raid1 sda1[0]\n 511936 blocks super 1.0 [2/1] [U_]\n bitmap: 1/1 pages [4KB], 65536KB chunk\n\nunused devices: <none>\n\n```", "```\nPersonalities : [raid1]\n\n```", "```\nmd126 : active raid1 sda2[0]\n 7871488 blocks super 1.2 [2/1] [U_]\n bitmap: 1/1 pages [4KB], 65536KB chunk\n\n```", "```\nmd126 : active raid1 sda2[0]\n\n```", "```\n 7871488 blocks super 1.2 [2/1] [U_]\n\n```", "```\n[nfs]# mdadm --detail /dev/md126\n/dev/md126:\n Version : 1.2\n Creation Time : Wed Apr 15 09:39:19 2015\n Raid Level : raid1\n Array Size : 7871488 (7.51 GiB 8.06 GB)\n Used Dev Size : 7871488 (7.51 GiB 8.06 GB)\n Raid Devices : 2\n Total Devices : 1\n Persistence : Superblock is persistent\n\n Intent Bitmap : Internal\n\n Update Time : Mon May 11 04:03:09 2015\n State : clean, degraded \n Active Devices : 1\nWorking Devices : 1\n Failed Devices : 0\n Spare Devices : 0\n\n Name : localhost:pv00\n UUID : bec13d99:42674929:76663813:f748e7cb\n Events : 5481\n\n Number   Major   Minor   RaidDevice State\n 0       8        2        0      active sync   /dev/sda2\n 2       0        0        2      removed\n\n```", "```\n[nfs]# ls -la /dev/ | grep sd\nbrw-rw----.  1 root disk      8,   0 May 10 06:16 sda\nbrw-rw----.  1 root disk      8,   1 May 10 06:16 sda1\nbrw-rw----.  1 root disk      8,   2 May 10 06:16 sda2\nbrw-rw----.  1 root disk      8,  16 May 10 06:16 sdb\nbrw-rw----.  1 root disk      8,  17 May 10 06:16 sdb1\nbrw-rw----.  1 root disk      8,  18 May 10 06:16 sdb2\n\n```", "```\n[nfs]# ls -F /dev\nautofs           hugepages/       network_throughput  snd/     tty21  tty4   tty58    vcs1\nblock/           initctl|         null                sr0      tty22  tty40  tty59    vcs2\nbsg/             input/           nvram               stderr@  tty23  tty41  tty6     vcs3\nbtrfs-control    kmsg             oldmem              stdin@   tty24  tty42  tty60    vcs4\nbus/             log=             port                stdout@  tty25  tty43  tty61    vcs5\ncdrom@           loop-control     ppp                 tty      tty26  tty44  tty62    vcs6\nchar/            lp0              ptmx                tty0     tty27  tty45  tty63    vcsa\nconsole          lp1              pts/                tty1     tty28  tty46  tty7     vcsa1\ncore@            lp2              random              tty10    tty29  tty47  tty8     vcsa2\ncpu/             lp3              raw/                tty11    tty3   tty48  tty9     vcsa3\ncpu_dma_latency  mapper/          rtc@                tty12    tty30  tty49  ttyS0    vcsa4\ncrash            mcelog           rtc0                tty13    tty31  tty5   ttyS1    vcsa5\ndisk/            md/              sda                 tty14    tty32  tty50  ttyS2    vcsa6\ndm-0             md0/             sda1                tty15    tty33  tty51  ttyS3    vfio/\ndm-1             md126            sda2                tty16    tty34  tty52  uhid     vga_arbiter\ndm-2             md127            sdb                 tty17    tty35  tty53  uinput   vhost-net\nfd@              mem              sdb1                tty18    tty36  tty54  urandom  zero\nfull             mqueue/          sdb2                tty19    tty37  tty55  usbmon0\nfuse             net/             shm/                tty2     tty38  tty56  usbmon1\nhpet             network_latency  snapshot            tty20    tty39  tty57  vcs\n\n```", "```\n    [nfs]# ls -la /dev/cdrom\n    lrwxrwxrwx. 1 root root 3 May 10 06:16 /dev/cdrom -> sr0\n\n    ```", "```\n    [nfs]# ls -la /dev/cpu/0/cpuid \n    crw-------. 1 root root 203, 0 May 10 06:16 /dev/cpu/0/cpuid\n\n    ```", "```\n    [nfs]# ls -la /dev/md/\n    total 0\n    drwxr-xr-x.  2 root root   80 May 10 06:16 .\n    drwxr-xr-x. 20 root root 3180 May 10 06:16 ..\n    lrwxrwxrwx.  1 root root    8 May 10 06:16 boot -> ../md127\n    lrwxrwxrwx.  1 root root    8 May 10 06:16 pv00 -> ../md126\n\n    ```", "```\n[nfs]# dmesg | head -15\n[    0.000000] Initializing cgroup subsys cpuset\n[    0.000000] Initializing cgroup subsys cpu\n[    0.000000] Initializing cgroup subsys cpuacct\n[    0.000000] Linux version 3.10.0-229.1.2.el7.x86_64 (builder@kbuilder.dev.centos.org) (gcc version 4.8.2 20140120 (Red Hat 4.8.2-16) (GCC) ) #1 SMP Fri Mar 27 03:04:26 UTC 2015\n[    0.000000] Command line: BOOT_IMAGE=/vmlinuz-3.10.0-229.1.2.el7.x86_64 root=/dev/mapper/md0-root ro rd.lvm.lv=md0/swap crashkernel=auto rd.md.uuid=bec13d99:42674929:76663813:f748e7cb rd.lvm.lv=md0/root rd.md.uuid=7adf0323:b0962394:387e6cd0:b2914469 rhgb quiet LANG=en_US.UTF-8 systemd.debug\n[    0.000000] e820: BIOS-provided physical RAM map:\n[    0.000000] BIOS-e820: [mem 0x0000000000000000-0x000000000009fbff] usable\n[    0.000000] BIOS-e820: [mem 0x000000000009fc00-0x000000000009ffff] reserved\n[    0.000000] BIOS-e820: [mem 0x00000000000f0000-0x00000000000fffff] reserved\n[    0.000000] BIOS-e820: [mem 0x0000000000100000-0x000000001ffeffff] usable\n[    0.000000] BIOS-e820: [mem 0x000000001fff0000-0x000000001fffffff] ACPI data\n[    0.000000] BIOS-e820: [mem 0x00000000fffc0000-0x00000000ffffffff] reserved\n[    0.000000] NX (Execute Disable) protection: active\n[    0.000000] SMBIOS 2.5 present.\n[    0.000000] DMI: innotek GmbH VirtualBox/VirtualBox, BIOS VirtualBox 12/01/2006\n\n```", "```\n[nfs]# dmesg | wc -l\n597\n\n```", "```\n[nfs]# dmesg | grep -C 5 sdb\n[    2.176800] scsi 3:0:0:0: CD-ROM            VBOX     CD-ROM           1.0  PQ: 0 ANSI: 5\n[    2.194908] sd 0:0:0:0: [sda] 16777216 512-byte logical blocks: (8.58 GB/8.00 GiB)\n[    2.194951] sd 0:0:0:0: [sda] Write Protect is off\n[    2.194953] sd 0:0:0:0: [sda] Mode Sense: 00 3a 00 00\n[    2.194965] sd 0:0:0:0: [sda] Write cache: enabled, read cache: enabled, doesn't support DPO or FUA\n[    2.196250] sd 1:0:0:0: [sdb] 16777216 512-byte logical blocks: (8.58 GB/8.00 GiB)\n[    2.196279] sd 1:0:0:0: [sdb] Write Protect is off\n[    2.196281] sd 1:0:0:0: [sdb] Mode Sense: 00 3a 00 00\n[    2.196294] sd 1:0:0:0: [sdb] Write cache: enabled, read cache: enabled, doesn't support DPO or FUA\n[    2.197471]  sda: sda1 sda2\n[    2.197700] sd 0:0:0:0: [sda] Attached SCSI disk\n[    2.198139]  sdb: sdb1 sdb2\n[    2.198319] sd 1:0:0:0: [sdb] Attached SCSI disk\n[    2.200851] sr 3:0:0:0: [sr0] scsi3-mmc drive: 32x/32x xa/form2 tray\n[    2.200856] cdrom: Uniform CD-ROM driver Revision: 3.20\n[    2.200980] sr 3:0:0:0: Attached scsi CD-ROM sr0\n[    2.366634] md: bind<sda1>\n[    2.370652] md: raid1 personality registered for level 1\n[    2.370820] md/raid1:md127: active with 1 out of 2 mirrors\n[    2.371797] created bitmap (1 pages) for device md127\n[    2.372181] md127: bitmap initialized from disk: read 1 pages, set 0 of 8 bits\n[    2.373915] md127: detected capacity change from 0 to 524222464\n[    2.374767]  md127: unknown partition table\n[    2.376065] md: bind<sdb2>\n[    2.382976] md: bind<sda2>\n[    2.385094] md: kicking non-fresh sdb2 from array!\n[    2.385102] md: unbind<sdb2>\n[    2.385105] md: export_rdev(sdb2)\n[    2.387559] md/raid1:md126: active with 1 out of 2 mirrors\n[    2.387874] created bitmap (1 pages) for device md126\n[    2.388339] md126: bitmap initialized from disk: read 1 pages, set 19 of 121 bits\n[    2.390324] md126: detected capacity change from 0 to 8060403712\n[    2.391344]  md126: unknown partition table\n\n```", "```\n[    2.176800] scsi 3:0:0:0: CD-ROM            VBOX     CD-ROM           1.0  PQ: 0 ANSI: 5\n[    2.194908] sd 0:0:0:0: [sda] 16777216 512-byte logical blocks: (8.58 GB/8.00 GiB)\n[    2.194951] sd 0:0:0:0: [sda] Write Protect is off\n[    2.194953] sd 0:0:0:0: [sda] Mode Sense: 00 3a 00 00\n[    2.194965] sd 0:0:0:0: [sda] Write cache: enabled, read cache: enabled, doesn't support DPO or FUA\n[    2.196250] sd 1:0:0:0: [sdb] 16777216 512-byte logical blocks: (8.58 GB/8.00 GiB)\n[    2.196279] sd 1:0:0:0: [sdb] Write Protect is off\n[    2.196281] sd 1:0:0:0: [sdb] Mode Sense: 00 3a 00 00\n[    2.196294] sd 1:0:0:0: [sdb] Write cache: enabled, read cache: enabled, doesn't support DPO or FUA\n[    2.197471]  sda: sda1 sda2\n[    2.197700] sd 0:0:0:0: [sda] Attached SCSI disk\n[    2.198139]  sdb: sdb1 sdb2\n[    2.198319] sd 1:0:0:0: [sdb] Attached SCSI disk\n\n```", "```\n[    2.194908] sd 0:0:0:0: [sda] 16777216 512-byte logical blocks: (8.58 GB/8.00 GiB)\n[    2.196250] sd 1:0:0:0: [sdb] 16777216 512-byte logical blocks: (8.58 GB/8.00 GiB)\n\n```", "```\n[    2.197471]  sda: sda1 sda2\n[    2.197700] sd 0:0:0:0: [sda] Attached SCSI disk\n[    2.198139]  sdb: sdb1 sdb2\n[    2.198319] sd 1:0:0:0: [sdb] Attached SCSI disk\n\n```", "```\n[    2.200851] sr 3:0:0:0: [sr0] scsi3-mmc drive: 32x/32x xa/form2 tray\n[    2.200856] cdrom: Uniform CD-ROM driver Revision: 3.20\n[    2.200980] sr 3:0:0:0: Attached scsi CD-ROM sr0\n\n```", "```\n[    2.366634] md: bind<sda1>\n[    2.370652] md: raid1 personality registered for level 1\n[    2.370820] md/raid1:md127: active with 1 out of 2 mirrors\n[    2.371797] created bitmap (1 pages) for device md127\n[    2.372181] md127: bitmap initialized from disk: read 1 pages, set 0 of 8 bits\n[    2.373915] md127: detected capacity change from 0 to 524222464\n[    2.374767]  md127: unknown partition table\n[    2.376065] md: bind<sdb2>\n[    2.382976] md: bind<sda2>\n[    2.385094] md: kicking non-fresh sdb2 from array!\n[    2.385102] md: unbind<sdb2>\n[    2.385105] md: export_rdev(sdb2)\n[    2.387559] md/raid1:md126: active with 1 out of 2 mirrors\n[    2.387874] created bitmap (1 pages) for device md126\n[    2.388339] md126: bitmap initialized from disk: read 1 pages, set 19 of 121 bits\n[    2.390324] md126: detected capacity change from 0 to 8060403712\n[    2.391344]  md126: unknown partition table\n\n```", "```\nThe first few lines show use information about /dev/md127.\n[    2.366634] md: bind<sda1>\n[    2.370652] md: raid1 personality registered for level 1\n[    2.370820] md/raid1:md127: active with 1 out of 2 mirrors\n[    2.371797] created bitmap (1 pages) for device md127\n[    2.372181] md127: bitmap initialized from disk: read 1 pages, set 0 of 8 bits\n[    2.373915] md127: detected capacity change from 0 to 524222464\n[    2.374767]  md127: unknown partition table\n\n```", "```\n/dev/md126; however, there is a bit more information included with those messages:\n```", "```\n[    2.376065] md: bind<sdb2>\n[    2.382976] md: bind<sda2>\n[    2.385094] md: kicking non-fresh sdb2 from array!\n[    2.385102] md: unbind<sdb2>\n[    2.385105] md: export_rdev(sdb2)\n[    2.387559] md/raid1:md126: active with 1 out of 2 mirrors\n[    2.387874] created bitmap (1 pages) for device md126\n[    2.388339] md126: bitmap initialized from disk: read 1 pages, set 19 of 121 bits\n[    2.390324] md126: detected capacity change from 0 to 8060403712\n[    2.391344]  md126: unknown partition table\n\n```", "```\n[    2.376065] md: bind<sdb2>\n[    2.382976] md: bind<sda2>\n[    2.385094] md: kicking non-fresh sdb2 from array!\n[    2.385102] md: unbind<sdb2>\n\n```", "```\n[nfs]# mdadm --examine /dev/sda1\n/dev/sda1:\n Magic : a92b4efc\n Version : 1.0\n Feature Map : 0x1\n Array UUID : 7adf0323:b0962394:387e6cd0:b2914469\n Name : localhost:boot\n Creation Time : Wed Apr 15 09:39:22 2015\n Raid Level : raid1\n Raid Devices : 2\n\n Avail Dev Size : 1023968 (500.07 MiB 524.27 MB)\n Array Size : 511936 (500.02 MiB 524.22 MB)\n Used Dev Size : 1023872 (500.02 MiB 524.22 MB)\n Super Offset : 1023984 sectors\n Unused Space : before=0 sectors, after=96 sectors\n State : clean\n Device UUID : 92d97c32:1f53f59a:14a7deea:34ec8c7c\n\nInternal Bitmap : -16 sectors from superblock\n Update Time : Mon May 11 04:08:10 2015\n Bad Block Log : 512 entries available at offset -8 sectors\n Checksum : bd8c1d5b - correct\n Events : 60\n\n Device Role : Active device 0\n Array State : A. ('A' == active, '.' == missing, 'R' == replacing)\n\n```", "```\n/dev/sda1:\n Magic : a92b4efc\n Version : 1.0\n Feature Map : 0x1\n Array UUID : 7adf0323:b0962394:387e6cd0:b2914469\n Name : localhost:boot\n Creation Time : Wed Apr 15 09:39:22 2015\n Raid Level : raid1\n Raid Devices : 2\n\n```", "```\n[nfs]# mdadm --detail /dev/md127 | grep UUID\n UUID : 7adf0323:b0962394:387e6cd0:b2914469\n\n```", "```\nAvail Dev Size : 1023968 (500.07 MiB 524.27 MB)\n Array Size : 511936 (500.02 MiB 524.22 MB)\n Used Dev Size : 1023872 (500.02 MiB 524.22 MB)\n Super Offset : 1023984 sectors\n Unused Space : before=0 sectors, after=96 sectors\n State : clean\n Device UUID : 92d97c32:1f53f59a:14a7deea:34ec8c7c\n\n```", "```\nState of the RAID. This state matches the state we see from the --detail output of /dev/md127.\n```", "```\n[nfs]# mdadm --detail /dev/md127 | grep State\n State : clean, degraded\n\n```", "```\nInternal Bitmap : -16 sectors from superblock\n Update Time : Mon May 11 04:08:10 2015\n Bad Block Log : 512 entries available at offset -8 sectors\n Checksum : bd8c1d5b - correct\n Events : 60\n\n Device Role : Active device 0\n Array State : A. ('A' == active, '.' == missing, 'R' == replacing)\n\n```", "```\n[nfs]# mdadm --examine /dev/sdb1\n/dev/sdb1:\n Magic : a92b4efc\n Version : 1.0\n Feature Map : 0x1\n Array UUID : 7adf0323:b0962394:387e6cd0:b2914469\n Name : localhost:boot\n Creation Time : Wed Apr 15 09:39:22 2015\n Raid Level : raid1\n Raid Devices : 2\n\n Avail Dev Size : 1023968 (500.07 MiB 524.27 MB)\n Array Size : 511936 (500.02 MiB 524.22 MB)\n Used Dev Size : 1023872 (500.02 MiB 524.22 MB)\n Super Offset : 1023984 sectors\n Unused Space : before=0 sectors, after=96 sectors\n State : clean\n Device UUID : 5a9bb172:13102af9:81d761fb:56d83bdd\n\nInternal Bitmap : -16 sectors from superblock\n Update Time : Mon May  4 21:09:30 2015\n Bad Block Log : 512 entries available at offset -8 sectors\n Checksum : cd226d7b - correct\n Events : 48\n\n Device Role : Active device 1\n Array State : AA ('A' == active, '.' == missing, 'R' == replacing)\n\n```", "```\n Array UUID : 7adf0323:b0962394:387e6cd0:b2914469\n\n```", "```\n[nfs]# mdadm --detail /dev/md127 | grep UUID\n UUID : 7adf0323:b0962394:387e6cd0:b2914469\n\n```", "```\n Events : 48\n\n```", "```\n Array State : AA ('A' == active, '.' == missing, 'R' == replacing)\n\n```", "```\n Update Time : Mon May  4 21:09:30 2015\n\n```", "```\n[nfs]# mdadm --examine /dev/sda2 | grep Events\n Events : 7517\n\n```", "```\n[nfs]# mdadm --examine /dev/sdb2\n/dev/sdb2:\n Magic : a92b4efc\n Version : 1.2\n Feature Map : 0x1\n Array UUID : bec13d99:42674929:76663813:f748e7cb\n Name : localhost:pv00\n Creation Time : Wed Apr 15 09:39:19 2015\n Raid Level : raid1\n Raid Devices : 2\n\n Avail Dev Size : 15742976 (7.51 GiB 8.06 GB)\n Array Size : 7871488 (7.51 GiB 8.06 GB)\n Data Offset : 8192 sectors\n Super Offset : 8 sectors\n Unused Space : before=8104 sectors, after=0 sectors\n State : clean\n Device UUID : 01db1f5f:e8176cad:8ce68d51:deff57f8\n\nInternal Bitmap : 8 sectors from superblock\n Update Time : Mon May  4 21:10:31 2015\n Bad Block Log : 512 entries available at offset 72 sectors\n Checksum : 98a8ace8 - correct\n Events : 541\n\n Device Role : Active device 1\n Array State : AA ('A' == active, '.' == missing, 'R' == replacing)\n\n```", "```\n Array UUID : bec13d99:42674929:76663813:f748e7cb\n\n```", "```\n[nfs]# mdadm --detail /dev/md126 | grep UUID\n UUID : bec13d99:42674929:76663813:f748e7cb\n\n```", "```\nEvents : 541\n\n```", "```\n[nfs]# mdadm --detail /dev/md127\n/dev/md127:\n Version : 1.0\n Creation Time : Wed Apr 15 09:39:22 2015\n Raid Level : raid1\n Array Size : 511936 (500.02 MiB 524.22 MB)\n Used Dev Size : 511936 (500.02 MiB 524.22 MB)\n Raid Devices : 2\n Total Devices : 1\n Persistence : Superblock is persistent\n\n Intent Bitmap : Internal\n\n Update Time : Mon May 11 04:08:10 2015\n State : clean, degraded \n Active Devices : 1\nWorking Devices : 1\n Failed Devices : 0\n Spare Devices : 0\n\n Name : localhost:boot\n UUID : 7adf0323:b0962394:387e6cd0:b2914469\n Events : 60\n\n Number   Major   Minor   RaidDevice State\n 0       8        1        0      active sync   /dev/sda1\n 2       0        0        2      removed\n\n```", "```\n[nfs]# mdadm /dev/md127 -a /dev/sdb1\nmdadm: re-added /dev/sdb1\n\n```", "```\n[nfs]# mdadm --detail /dev/md127\n/dev/md127:\n Version : 1.0\n Creation Time : Wed Apr 15 09:39:22 2015\n Raid Level : raid1\n Array Size : 511936 (500.02 MiB 524.22 MB)\n Used Dev Size : 511936 (500.02 MiB 524.22 MB)\n Raid Devices : 2\n Total Devices : 2\n Persistence : Superblock is persistent\n\n Intent Bitmap : Internal\n\n Update Time : Mon May 11 16:47:32 2015\n State : clean, degraded, recovering \n Active Devices : 1\nWorking Devices : 2\n Failed Devices : 0\n Spare Devices : 1\n\n Rebuild Status : 50% complete\n\n Name : localhost:boot\n UUID : 7adf0323:b0962394:387e6cd0:b2914469\n Events : 66\n\n Number   Major   Minor   RaidDevice State\n 0       8        1        0      active sync   /dev/sda1\n 1       8       17        1      spare rebuilding   /dev/sdb1\n\n```", "```\nRebuild Status : 50% complete\n\n```", "```\n Number   Major   Minor   RaidDevice State\n 0       8        1        0      active sync   /dev/sda1\n 1       8       17        1      spare rebuilding   /dev/sdb1\n\n```", "```\n[nfs]# mdadm --detail /dev/md127\n/dev/md127:\n Version : 1.0\n Creation Time : Wed Apr 15 09:39:22 2015\n Raid Level : raid1\n Array Size : 511936 (500.02 MiB 524.22 MB)\n Used Dev Size : 511936 (500.02 MiB 524.22 MB)\n Raid Devices : 2\n Total Devices : 2\n Persistence : Superblock is persistent\n\n Intent Bitmap : Internal\n\n Update Time : Mon May 11 16:47:32 2015\n State : clean \n Active Devices : 2\nWorking Devices : 2\n Failed Devices : 0\n Spare Devices : 0\n\n Name : localhost:boot\n UUID : 7adf0323:b0962394:387e6cd0:b2914469\n Events : 69\n\n Number   Major   Minor   RaidDevice State\n 0       8        1        0      active sync   /dev/sda1\n 1       8       17        1      active sync   /dev/sdb1\n\n```", "```\n[nfs]# mdadm --zero-superblock /dev/sdb2\n\n```", "```\n[nfs]# mdadm --examine /dev/sdb2\nmdadm: No md superblock detected on /dev/sdb2.\n\n```", "```\n[nfs]# mdadm /dev/md126 -a /dev/sdb2\nmdadm: added /dev/sdb2\n\n```", "```\n[nfs]# cat /proc/mdstat\nPersonalities : [raid1] \nmd126 : active raid1 sdb2[2] sda2[0]\n 7871488 blocks super 1.2 [2/1] [U_]\n [>....................]  recovery =  0.0% (1984/7871488) finish=65.5min speed=1984K/sec\n bitmap: 1/1 pages [4KB], 65536KB chunk\n\nmd127 : active raid1 sdb1[1] sda1[0]\n 511936 blocks super 1.0 [2/2] [UU]\n bitmap: 0/1 pages [0KB], 65536KB chunk\n\nunused devices: <none>\n\n```", "```\n[nfs]# cat /proc/mdstat \nPersonalities : [raid1] \nmd126 : active raid1 sdb2[2] sda2[0]\n 7871488 blocks super 1.2 [2/2] [UU]\n bitmap: 0/1 pages [0KB], 65536KB chunk\n\nmd127 : active raid1 sdb1[1] sda1[0]\n 511936 blocks super 1.0 [2/2] [UU]\n bitmap: 0/1 pages [0KB], 65536KB chunk\n\nunused devices: <none>\n\n```"]