["```\nphilip@ubuntu:~$ ls /dev/ | grep sd\nsda\nsda1\nsda2\nsda5\nphilip@ubuntu:~$\n```", "```\nphilip@ubuntu:~$ fdisk -l /dev/sda\nfdisk: cannot open /dev/sda: Permission denied\nphilip@ubuntu:~$\n```", "```\nphilip@ubuntu:~$ sudo su\n[sudo] password for philip:\nroot@ubuntu:/home/philip#\nroot@ubuntu:/home/philip# fdisk -l /dev/sda\nDisk /dev/sda: 20 GiB, 21474836480 bytes, 41943040 sectors\nUnits: sectors of 1 * 512 = 512 bytes\nSector size (logical/physical): 512 bytes / 512 bytes\nI/O size (minimum/optimal): 512 bytes / 512 bytes\nDisklabel type: dos\nDisk identifier: 0xf54f42a0\n\nDevice   Boot Start     End       Sectors  Size Id  Type\n/dev/sda1  *   2048     39845887  39843840 19G 83   Linux\n/dev/sda2      39847934 41940991  2093058  1022M  5 Extended\n/dev/sda5      39847936 41940991  2093056 1022M 82 Linux swap / Solaris\nroot@ubuntu:/home/philip#\n```", "```\nroot@ubuntu:/home/philip# fdisk /dev/sda\n\nWelcome to fdisk (util-linux 2.27.1).\nChanges will remain in memory only, until you decide to write them.\nBe careful before using the write command.\n\nCommand (m for help):\n```", "```\nCommand (m for help): m\nHelp:\n DOS (MBR)\n a   toggle a bootable flag\n b   edit nested BSD disklabel\n c   toggle the dos compatibility flag\nGeneric\n d   delete a partition\n F   list free unpartitioned space\n l   list known partition types\n n   add a new partition\n p   print the partition table\n t   change a partition type\n v   verify the partition table\n i   print information about a partition\n\nMisc\n m   print this menu\n u   change display/entry units\n x   extra functionality (experts only)\nScript\n I   load disk layout from sfdisk script file\n O   dump disk layout to sfdisk script file\n\nSave & Exit\n w   write table to disk and exit\n q   quit without saving changes\nCreate a new label\n g   create a new empty GPT partition table\n G   create a new empty SGI (IRIX) partition table\n o   create a new empty DOS partition table\n s   create a new empty Sun partition table\n\nCommand (m for help):\n```", "```\nroot@ubuntu:/home/philip# ls /dev/ | grep sd\nsda\nsda1\nsda2\nsda5\nsdb\nroot@ubuntu:/home/philip#\n```", "```\nroot@ubuntu:/home/philip# fdisk /dev/sdb\n\nWelcome to fdisk (util-linux 2.27.1).\nChanges will remain in memory only, until you decide to write them.\nBe careful before using the write command.\n\nDevice does not contain a recognized partition table.\nCreated a new DOS disklabel with disk identifier 0x0079e169.\nCommand (m for help):\n```", "```\nCommand (m for help): p\nDisk /dev/sdb: 15 GiB, 16106127360 bytes, 31457280 sectors\nUnits: sectors of 1 * 512 = 512 bytes\nSector size (logical/physical): 512 bytes / 512 bytes\nI/O size (minimum/optimal): 512 bytes / 512 bytes\nDisklabel type: dos\nDisk identifier: 0x0079e169\n\nCommand (m for help):\n```", "```\nCommand (m for help): n\nPartition type\n p   primary (0 primary, 0 extended, 4 free)\n e   extended (container for logical partitions)\nSelect (default p):\n```", "```\nCommand (m for help): t\nPartition number (1-3, default 3): 2\nPartition type (type L to list all types): l\n0  Empty  24  NEC DOS 81  Minix / old Lin bf  Solaris \n1  FAT12  27  Hidden NTFS Win 82  Linux swap / So c1  DRDOS/sec (FAT-\n2  XENIX root  39  Plan 9  83  Linux  c4  DRDOS/sec (FAT-\n3  XENIX usr   3c  PartitionMagic 84 OS/2 hidden or c6 DRDOS/sec (FAT-\n4  FAT16 <32M  40  Venix 80286     85  Linux extended  c7  Syrinx \n5  Extended   41  PPC PReP Boot   86  NTFS volume set da  Non-FS data \n6  FAT16    42  SFS  87  NTFS volume set db  CP/M / CTOS / .\n7  HPFS/NTFS/exFAT\n```", "```\nPartition type (type L to list all types): 7\nChanged type of partition 'Empty' to 'HPFS/NTFS/exFAT'.\nCommand (m for help): p\nDisk /dev/sdb: 15 GiB, 16106127360 bytes, 31457280 sectors\nUnits: sectors of 1 * 512 = 512 bytes\nSector size (logical/physical): 512 bytes / 512 bytes\nI/O size (minimum/optimal): 512 bytes / 512 bytes\nDisklabel type: dos\nDisk identifier: 0x2584b986\nDevice       Boot     Start    End      Sectors Size  Id   Type\n/dev/sdb1    2048     10487807  10485760  5G      83        Linux\n/dev/sdb2    10487808 18876415  8388608   4G      7     HPFS/NTFS/exFAT\n/dev/sdb3    18876416 31457279  12580864  6G      0           Empty\n```", "```\nDevice     Boot      Start     End     Sectors Size Id Type\n/dev/sdb1   2048     10487807  10485760  5G    83 Linux\n/dev/sdb2   10487808 18876415  8388608   4G    7 HPFS/NTFS/exFAT\n/dev/sdb3   18876416 31457279  12580864  6G    ef EFI (FAT-12/16/32)\n```", "```\nCommand (m for help): a \nPartition number (1-3, default 3): 3\nThe bootable flag on partition 3 is enabled now.\nCommand (m for help): p\nDisk /dev/sdb: 15 GiB, 16106127360 bytes, 31457280 sectors\nUnits: sectors of 1 * 512 = 512 bytes\nSector size (logical/physical): 512 bytes / 512 bytes\nI/O size (minimum/optimal): 512 bytes / 512 bytes\nDisklabel type: dos\nDisk identifier: 0x2584b986\nDevice     Boot    Start      End  Sectors Size Id Type\n/dev/sdb1           2048 10487807 10485760   5G 83 Linux\n/dev/sdb2       10487808 18876415  8388608   4G  7 HPFS/NTFS/exFAT\n/dev/sdb3  *    18876416 31457279 12580864   6G ef EFI (FAT-12/16/32)\n```", "```\nCommand (m for help): w\nThe partition table has been altered.\nCalling ioctl() to re-read partition table.\nSyncing disks.\n```", "```\nroot@ubuntu:/home/philip# parted /dev/sdb\nGNU Parted 3.2\nUsing /dev/sdb\nWelcome to GNU Parted! Type 'help' to view a list of commands.\n(parted)                                                                 \n```", "```\n(parted) help \n align-check TYPE N check partition N for TYPE(min|opt) alignment\n help [COMMAND] print general help, or help on COMMAND\n mklabel,mktable LABEL-TYPE create a new disklabel (partition table)\n mkpart PART-TYPE [FS-TYPE] START END make a partition\n name NUMBER NAME name partition NUMBER as NAME\n print [devices|free|list,all|NUMBER] display the partition table, available devices, free space, all found partitions, or a particular partition\n quit exit program \n rescue START END rescue a lost partition near START and END\n resizepart NUMBER END resize partition NUMBER\n rm NUMBER delete partition NUMBER\n select DEVICE choose the device to edit\n disk_set FLAG STATE change the FLAG on selected device\n disk_toggle [FLAG] toggle the state of FLAG on selected device\n set NUMBER FLAG STATE change the FLAG on partition NUMBER\n toggle [NUMBER [FLAG]] toggle the state of FLAG on partition NUMBER\n```", "```\n unit UNIT set the default unit to UNIT\n version display the version number and copyright information of GNU Parted\n(parted)\n```", "```\n(parted) print\nModel: VMware, VMware Virtual S (scsi)\nDisk /dev/sdb: 16.1GB\nSector size (logical/physical): 512B/512B\nPartition Table: msdos\nDisk Flags:\nNumber  Start   End     Size    Type  File system  Flags\n 1     1049kB  5370MB 5369MB  primary\n 2     5370MB  9665MB 4295MB  primary\n 3     9665MB  16.1GB 6441MB  primary boot, esp\n(parted) \n```", "```\n(parted) print list\nModel: VMware, VMware Virtual S (scsi)\nDisk /dev/sdb: 16.1GB\nSector size (logical/physical): 512B/512B\nPartition Table: msdos\nDisk Flags:\nNumber  Start   End     Size    Type    File system  Flags\n 1      1049kB  5370MB  5369MB  primary\n 2      5370MB  9665MB  4295MB  primary\n 3      9665MB  16.1GB  6441MB  primary            boot, esp\n Model: VMware, VMware Virtual S (scsi)\nDisk /dev/sda: 21.5GB\nSector size (logical/physical): 512B/512B\nPartition Table: msdos\nDisk Flags:\nNumber  Start   End     Size    Type      File system     Flags\n 1      1049kB  20.4GB  20.4GB  primary   ext4            boot\n 2      20.4GB  21.5GB  1072MB  extended\n 5      20.4GB  21.5GB  1072MB  logical   linux-swap(v1)\n(parted)\n```", "```\n (parted) resizepart\n Partition number? 2\n End? [5370MB]? 7518\n (parted) print\n Disk /dev/sdb: 16.1GB\nSector size (logical/physical): 512B/512B\nPartition Table: msdos\nDisk Flags:\nNumber Start End Size Type File system Flags\n 1 1049kB 5370MB 5369MB primary\n 2 5370MB 7518MB 2148MB primary\n 3 9665MB 16.1GB 6441MB primary boot, esp\n(parted)            \n```", "```\n(parted)\n(parted) mkpart \nPartition type?  primary/extended? \n```", "```\nPartition type?  primary/extended? primary\nFile system type?  [ext2]?\nStart?\n```", "```\nFile system type? [ext2]? \nStart? 7518 \nEnd? 9665 \n(parted) \n```", "```\n(parted) print \nModel: VMware, VMware Virtual S (scsi)\nDisk /dev/sdb: 16.1GB\nSector size (logical/physical): 512B/512B\nPartition Table: msdos\nDisk Flags:\nNumber Start   End     Size    Type     File system  Flags\n 1      1049kB  5370MB  5369MB  primary\n 2      5370MB  7518MB  2148MB  primary\n 4      7518MB  9665MB  2146MB  primary  ext2         lba\n 3      9665MB  16.1GB  6441MB  primary               boot, esp\n(parted)\n```", "```\n(parted) set \nPartition number? 4 \nFlag to Invert?\n```", "```\nFlag to Invert? boot \nNew state?  [on]/off?\n```", "```\nNew state?  [on]/off? \n(parted) print \nModel: VMware, VMware Virtual S (scsi)\nDisk /dev/sdb: 16.1GB\nSector size (logical/physical): 512B/512B\nPartition Table: msdos\nDisk Flags:\nNumber  Start   End     Size    Type     File system  Flags\n 1      1049kB  5370MB  5369MB  primary\n 2      5370MB  7518MB  2148MB  primary\n 4      7518MB  9665MB  2146MB  primary  ext2         boot, lba\n 3      9665MB  16.1GB  6441MB  primary               esp\n(parted)                                             \n```", "```\n(parted) quit \nInformation: You may need to update /etc/fstab.\nroot@ubuntu:/home/philip#     \n```", "```\nroot@ubuntu:/home/philip# lsblk -f\n```", "```\nroot@ubuntu:/home/philip# mkfs.ext4 /dev/sdb1\nmke2fs 1.42.13 (17-May-2015)\nCreating filesystem with 1310720 4k blocks and 327680 inodes\nFilesystem UUID: fc51dddf-c23d-4160-8e49-f8a275c9b2f0\nSuperblock backups stored on blocks:\n 32768, 98304, 163840, 229376, 294912, 819200, 884736\nAllocating group tables: done \nWriting inode tables: done \nCreating journal (32768 blocks): done\nWriting superblocks and filesystem accounting information: done\nroot@ubuntu:/home/philip#\n```", "```\nroot@ubuntu:/home/philip# mkfs.ext3 /dev/sdb2\nmke2fs 1.42.13 (17-May-2015)\nCreating filesystem with 524288 4k blocks and 131328 inodes\nFilesystem UUID: fd6aab0f-0f16-4922-86c1-11fcb54fc466\nSuperblock backups stored on blocks:\n 32768, 98304, 163840, 229376, 294912\nAllocating group tables: done \nWriting inode tables: done \nCreating journal (16384 blocks): done\nWriting superblocks and filesystem accounting information: done\nroot@ubuntu:/home/philip#\n```", "```\nroot@ubuntu:/home/philip# mkfs.ext2 /dev/sdb3\nmke2fs 1.42.13 (17-May-2015)\nCreating filesystem with 1572608 4k blocks and 393216 inodes\nFilesystem UUID: b7e075df-541d-468d-ab16-e3ec2e5fb5f8\nSuperblock backups stored on blocks:\n 32768, 98304, 163840, 229376, 294912, 819200, 884736\nAllocating group tables: done \nWriting inode tables: done \nWriting superblocks and filesystem accounting information: done\nroot@ubuntu:/home/philip# mkfs.ntfs /dev/sdb4\nCluster size has been automatically set to 4096 bytes.\nInitializing device with zeroes: 100% - Done.\nCreating NTFS volume structures.\nmkntfs completed successfully. Have a nice day.\nroot@ubuntu:/home/philip#\n```", "```\nroot@ubuntu:/home/philip# lsblk -f\nNAME   FSTYPE LABEL UUID                                 MOUNTPOINT\nsda \n\u251c\u2500sda1 ext4         adb5d090-3400-4411-aee2-dd871c39db38 /\n\u251c\u2500sda2 \n\u2514\u2500sda5 swap         025b1992-80ba-46ed-8490-e7aa68271e7b [SWAP]\nsdb \n\u251c\u2500sdb1 ext4         fc51dddf-c23d-4160-8e49-f8a275c9b2f0\n\u251c\u2500sdb2 ext3         fd6aab0f-0f16-4922-86c1-11fcb54fc466\n\u251c\u2500sdb3 ext2         b7e075df-541d-468d-ab16-e3ec2e5fb5f8\n\u2514\u2500sdb4 ntfs         1D9E4A6D4088D79A \nsr0 \nroot@ubuntu:/home/philip#\n```", "```\nroot@ubuntu:/home/philip# blkid\n/dev/sda1: UUID=\"adb5d090-3400-4411-aee2-dd871c39db38\" TYPE=\"ext4\" PARTUUID=\"f54f42a0-01\"\n/dev/sda5: UUID=\"025b1992-80ba-46ed-8490-e7aa68271e7b\" TYPE=\"swap\" PARTUUID=\"f54f42a0-05\"\n/dev/sdb1: UUID=\"fc51dddf-c23d-4160-8e49-f8a275c9b2f0\" TYPE=\"ext4\" PARTUUID=\"7e707ac0-01\"\n/dev/sdb2: UUID=\"fd6aab0f-0f16-4922-86c1-11fcb54fc466\" SEC_TYPE=\"ext2\" TYPE=\"ext3\" PARTUUID=\"7e707ac0-02\"\n/dev/sdb3: UUID=\"2a8a5768-1a7f-4ab4-8aa1-f45d30df5631\" TYPE=\"ext2\" PARTUUID=\"7e707ac0-03\"\n/dev/sdb4: UUID=\"1D9E4A6D4088D79A\" TYPE=\"ntfs\" PARTUUID=\"7e707ac0-04\"\nroot@ubuntu:/home/philip#\n```", "```\nroot@ubuntu:/home/philip# mount\nsysfs on /sys type sysfs (rw,nosuid,nodev,noexec,relatime)\nproc on /proc type proc (rw,nosuid,nodev,noexec,relatime)\nudev on /dev type devtmpfs (rw,nosuid,relatime,size=478356k,nr_inodes=119589,mode=755)\ndevpts on /dev/pts type devpts (rw,nosuid,noexec,relatime,gid=5,mode=620,ptmxmode=000)\ntmpfs on /run type tmpfs (rw,nosuid,noexec,relatime,size=99764k,mode=755)\n/dev/sda1 on / type ext4 (rw,relatime,errors=remount-ro,data=ordered)\nsecurityfs on /sys/kernel/security type securityfs (rw,nosuid,nodev,noexec,relatime)\ntmpfs on /dev/shm type tmpfs (rw,nosuid,nodev)\ntmpfs on /run/lock type tmpfs (rw,nosuid,nodev,noexec,relatime,size=5120k)\ntmpfs on /sys/fs/cgroup type tmpfs (ro,nosuid,nodev,noexec,mode=755)\ncgroup on /sys/fs/cgroup/systemd type cgroup (rw,nosuid,nodev,noexec,relatime,xattr,release_agent=/lib/systemd/systemd-cgroups-agent,name=systemd)\npstore on /sys/fs/pstore type pstore (rw,nosuid,nodev,noexec,relatime)\ncgroup on /sys/fs/cgroup/cpuset type cgroup (rw,nosuid,nodev,noexec,relatime,cpuset)\ncgroup on /sys/fs/cgroup/cpu,cpuacct type cgroup (rw,nosuid,nodev,noexec,relatime,cpu,cpuacct)\ncgroup on /sys/fs/cgroup/net_cls,net_prio type cgroup(rw,relatime,user_id=0,group_id=0,default_permissions,allow_other)\ntmpfs on /run/user/1000 type tmpfs (rw,nosuid,nodev,relatime,size=99764k,mode=700,uid=1000,gid=1000)\ngvfsd-fuse on /run/user/1000/gvfs type fuse.gvfsd-fuse (rw,nosuid,nodev,relatime,user_id=1000,group_id=1000)\nroot@ubuntu:/home/philip#\n```", "```\nroot@ubuntu:/home/philip# mount | grep /dev\nudev on /dev type devtmpfs (rw,nosuid,relatime,size=478356k,nr_inodes=119589,mode=755)\ndevpts on /dev/pts type devpts (rw,nosuid,noexec,relatime,gid=5,mode=620,ptmxmode=000)\n/dev/sda1 on / type ext4 (rw,relatime,errors=remount-ro,data=ordered)\ntmpfs on /dev/shm type tmpfs (rw,nosuid,nodev)\ncgroup on /sys/fs/cgroup/devices type cgroup (rw,nosuid,nodev,noexec,relatime,devices)\nmqueue on /dev/mqueue type mqueue (rw,relatime)\nhugetlbfs on /dev/hugepages type hugetlbfs (rw,relatime)\nroot@ubuntu:/home/philip#\n```", "```\nroot@ubuntu:/home/philip# df -h\nFilesystem      Size  Used Avail Use% Mounted on\nudev            468M     0  468M   0% /dev\ntmpfs            98M  6.2M   92M   7% /run\n/dev/sda1        19G  5.1G   13G  29% /\ntmpfs           488M  212K  487M   1% /dev/shm\ntmpfs           5.0M  4.0K  5.0M   1% /run/lock\ntmpfs           488M     0  488M   0% /sys/fs/cgroup\ntmpfs            98M   44K   98M   1% /run/user/1000\nroot@ubuntu:/home/philip#\n```", "```\nroot@ubuntu:/# mount /dev/sdb1 /mnt\nroot@ubuntu:/#\n```", "```\nroot@ubuntu:/# mount | grep /dev\nudev on /dev type devtmpfs (rw,nosuid,relatime,size=478356k,nr_inodes=119589,mode=755)\ndevpts on /dev/pts type devpts (rw,nosuid,noexec,relatime,gid=5,mode=620,ptmxmode=000)\n/dev/sda1 on / type ext4 (rw,relatime,errors=remount-ro,data=ordered)\ntmpfs on /dev/shm type tmpfs (rw,nosuid,nodev)\ncgroup on /sys/fs/cgroup/devices type cgroup (rw,nosuid,nodev,noexec,relatime,devices)\nmqueue on /dev/mqueue type mqueue (rw,relatime)\nhugetlbfs on /dev/hugepages type hugetlbfs (rw,relatime)\n/dev/sdb1 on /mnt type ext4 (rw,relatime,data=ordered)\nroot@ubuntu:/#\n```", "```\nroot@ubuntu:/# df -h\nFilesystem      Size  Used Avail Use% Mounted on\nudev            468M     0  468M   0% /dev\ntmpfs            98M  6.2M   92M   7% /run\n/dev/sda1        19G  5.1G   13G  29% /\ntmpfs           488M  212K  487M   1% /dev/shm\ntmpfs           5.0M  4.0K  5.0M   1% /run/lock\ntmpfs           488M     0  488M   0% /sys/fs/cgroup\ntmpfs            98M   44K   98M   1% /run/user/1000\n/dev/sdb1       4.8G   10M  4.6G   1% /mnt\nroot@ubuntu:/#\n```", "```\nroot@ubuntu:/# mkdir /folder1\nroot@ubuntu:/# mkdir /folder2\nroot@ubuntu:/# ls\nbin  dev   folder2  initrd.img.old  lost+found  opt run srv usr      vmlinuz.old\nboot etc  home lib   media    proc  sbin  sys  var\ncdrom  folder1  initrd.img  lib64     mnt         root  snap  tmp  vmlinuz\nroot@ubuntu:/#\n```", "```\nroot@ubuntu:/# mount /dev/sdb2 /folder1\nroot@ubuntu:/# mount /dev/sdb4 /folder2\nroot@ubuntu:/#\nroot@ubuntu:/# mount | grep /dev\n/dev/sda1 on / type ext4 (rw,relatime,errors=remount-ro,data=ordered)\n/dev/sdb1 on /mnt type ext4 (rw,relatime,data=ordered)\n/dev/sdb2 on /folder1 type ext3 (rw,relatime,data=ordered)\n/dev/sdb4 on /folder2 type fuseblk (rw,relatime,user_id=0,group_id=0,allow_other,blksize=4096)\nroot@ubuntu:/#\n```", "```\nroot@ubuntu:/# df -h\nFilesystem      Size  Used Avail Use% Mounted on\nudev            468M     0  468M   0% /dev\ntmpfs            98M  6.2M   92M   7% /run\n/dev/sda1        19G  5.1G   13G  29% /\ntmpfs           488M  212K  487M   1% /dev/shm\ntmpfs           5.0M  4.0K  5.0M   1% /run/lock\ntmpfs           488M     0  488M   0% /sys/fs/cgroup\ntmpfs            98M   44K   98M   1% /run/user/1000\n/dev/sdb1       4.8G   10M  4.6G   1% /mnt\n/dev/sdb2       2.0G  3.1M  1.9G   1% /folder1\n/dev/sdb4       2.0G   11M  2.0G   1% /folder2\nroot@ubuntu:/#\n```", "```\nroot@ubuntu:/#mount //172.16.175.144/share /netshare -t cifs  -o user=philip,password=pass123,uid=1000,gid=1000,rw\n```", "```\nroot@ubuntu:/# umount /dev/sdb1\nroot@ubuntu:/#\nroot@ubuntu:/# mount | grep /dev\nudev on /dev type devtmpfs (rw,nosuid,relatime,size=478356k,nr_inodes=119589,mode=755)\ndevpts on /dev/pts type devpts (rw,nosuid,noexec,relatime,gid=5,mode=620,ptmxmode=000)\n/dev/sda1 on / type ext4 (rw,relatime,errors=remount-ro,data=ordered)\ntmpfs on /dev/shm type tmpfs (rw,nosuid,nodev)\ncgroup on /sys/fs/cgroup/devices type cgroup (rw,nosuid,nodev,noexec,relatime,devices)\nmqueue on /dev/mqueue type mqueue (rw,relatime)\nhugetlbfs on /dev/hugepages type hugetlbfs (rw,relatime)\n/dev/sdb2 on /folder1 type ext3 (rw,relatime,data=ordered)\n/dev/sdb4 on /folder2 type fuseblk (rw,relatime,user_id=0,group_id=0,allow_other,blksize=4096)\nroot@ubuntu:/#\n```", "```\nroot@ubuntu:/# df -h\nFilesystem Size Used Avail Use% Mounted on\nudev 468M 0 468M 0% /dev\ntmpfs 98M 7.5M 91M 8% /run\n/dev/sda1 19G 5.2G 13G 30% /\ntmpfs 488M 212K 487M 1% /dev/shm\ntmpfs 5.0M 4.0K 5.0M 1% /run/lock\ntmpfs 488M 0 488M 0% /sys/fs/cgroup\ntmpfs 98M 48K 98M 1% /run/user/1000\n/dev/sdb2 2.0G 3.1M 1.9G 1% /folder1\n/dev/sdb4 2.0G 11M 2.0G 1% /folder2\nroot@ubuntu:/#\n```", "```\nroot@ubuntu:/# lsblk -f\nNAME   FSTYPE LABEL UUID       MOUNTPOINT\nsda \n\u251c\u2500sda1 ext4         adb5d090-3400-4411-aee2-dd871c39db38 /\n\u251c\u2500sda2 \n\u2514\u2500sda5 swap         025b1992-80ba-46ed-8490-e7aa68271e7b [SWAP]\nsdb \n\u251c\u2500sdb1 ext4         fc51dddf-c23d-4160-8e49-f8a275c9b2f0\n\u251c\u2500sdb2 ext3         fd6aab0f-0f16-4922-86c1-11fcb54fc466 /folder1\n\u251c\u2500sdb3 ext2         2a8a5768-1a7f-4ab4-8aa1-f45d30df5631\n\u2514\u2500sdb4 ntfs         1D9E4A6D4088D79A                     /folder2\nsr0 \nroot@ubuntu:/#\n```", "```\nroot@ubuntu:/# umount /folder1\n```", "```\nroot@ubuntu:/# blkid\n/dev/sdb4: UUID=\"1D9E4A6D4088D79A\" TYPE=\"ntfs\" PARTUUID=\"7e707ac0-04\"\nroot@ubuntu:/#\n```", "```\n# /etc/fstab: static file system information. #\n# Use 'blkid' to print the universally unique identifier for a\n# device; this may be used with UUID= as a more robust way to name devices\n# that works even if disks are added and removed. See fstab(5).\n#\n# <file system> <mount point>   <type>  <options>       <dump>  <pass>\n# / was on /dev/sda1 during installation\nUUID=adb5d090-3400-4411-aee2-dd871c39db38 / ext4 errors=remount-ro 0       1\n# swap was on /dev/sda5 during installation\nUUID=025b1992-80ba-46ed-8490-e7aa68271e7b none swap sw 0   0\n/dev/fd0  /media/floppy0  auto   rw,user,noauto,exec,utf8 0  0\nUUID=1D9E4A6D4088D79A   /folder2   ntfs    0       0\n```"]