["```\nelliot@ubuntu-linux:~$ w\n11:38:59 up 17 min, 1 user, load average: 0.00, 0.00, 0.02\nUSER   TTY       FROM             LOGIN@  IDLE  JCPU  PCPU  WHAT\nelliot pts/0     172.16.1.67      11:22   0.00s 0.06s 0.00s w\n```", "```\nelliot@ubuntu-linux:~$ ls -l /dev/pts/0\ncrw------- 1 elliot tty 136, 0 Nov 7 11:40 /dev/pts/0\n```", "```\nelliot@ubuntu-linux:~$ echo \"Hello Friend\" > /dev/pts/0 \nHello Friend\n```", "```\nelliot@ubuntu-linux:~$ lsblk\nNAME   MAJ:MIN  RM SIZE RO  TYPE MOUNTPOINT\nsda      8:0     0  20G  0  disk\n| sda1   8:1     0  20G  0  part /\nsr0      11:0    1 1024M 0  rom\n```", "```\nelliot@ubuntu-linux:~$ lsblk\nNAME    MAJ:MIN RM SIZE RO TYPE MOUNTPOINT\nsda       8:0   0  20G  0  disk\n| sda1    8:1   0  20G  0  part /\nsdb       8:16  0  10G  0  disk\nsr0      11:0   1 1024M 0  rom\n```", "```\nfdisk [options] device\n```", "```\nroot@ubuntu-linux:~# fdisk /dev/sdb\n\nWelcome to fdisk (util-linux 2.31.1).\nChanges will remain in memory only, until you decide to write them. \nBe careful before using the write command.\n\nDevice does not contain a recognized partition table. \nCreated a new DOS disklabel with disk identifier 0xb13d9b6a.\n\nCommand (m for help):\n```", "```\nCommand (m for help): m \nHelp:\n DOS (MBR)\n a   toggle a bootable flag\n b   edit nested BSD disklabel\n c   toggle the dos compatibility flag\n\n Generic\n d   delete a partition\n F   list free unpartitioned space l list known partition types\n n   add a new partition\n p   print the partition table t change a partition type\n v   verify the partition table\n i   print information about a partition\n\n Save & Exit\n w   write table to disk and exit \n q   quit without saving changes\n\n Create a new label\n g   create a new empty GPT partition table\n G   create a new empty SGI (IRIX) partition table \n o   create a new empty DOS   partition table\n s   create a new empty Sun partition table\n```", "```\nCommand (m for help): n \nPartition type\n p primary (0 primary, 0 extended, 4 free)\n e extended (container for logical partitions) \nSelect (default p):\n```", "```\nUsing default response p. \nPartition number (1-4, default 1):\n```", "```\nPartition number (1-4, default 1):\nFirst sector (2048-20971519, default 2048):\n```", "```\nFirst sector (2048-20971519, default 2048):\nLast sector, +sectors or +size{K,M,G,T,P} (2048-20971519, default 20971519):\n```", "```\nLast sector, +sectors or +size{K,M,G,T,P} (2048-20971519, default 20971519): +2G\n\nCreated a new partition 1 of type 'Linux' and of size 2 GiB. \nCommand (m for help):\n```", "```\nCommand (m for help): w\nThe partition table has been altered. \nCalling ioctl() to re-read partition table. \nSyncing disks.\n```", "```\nroot@ubuntu-linux:~# lsblk\nNAME   MAJ:MIN RM SIZE  RO TYPE MOUNTPOINT\nsda      8:0   0  20G   0  disk\n| sda1   8:1   0  20G   0  part /\nsdb      8:16  0  10G   0  disk\n| sdb1   8:17  0  2G    0  part\nsr0     11:0   1 1024M  0  rom\n```", "```\nroot@ubuntu-linux:~# fdisk -l /dev/sdb\nDisk /dev/sdb: 10 GiB, 10737418240 bytes, 20971520 sectors\nUnits: sectors of 1 * 512 = 512 bytes\nSector size (logical/physical): 512 bytes / 512 bytes \nI/O size (minimum/optimal): 512 bytes / 512 bytes \nDisklabel type: dos\nDisk identifier: 0xb13d9b6a\n\nDevice      Boot Start    End Sectors  Size  Id Type\n/dev/sdb1        2048 4196351 4194304   2G   83 Linux\n```", "```\nroot@ubuntu-linux:~# man filesystems\n```", "```\nmkfs --type [fstype] disk_or_partition\n```", "```\nroot@ubuntu-linux:~# mkfs --type ext4 /dev/sdb1 \nmke2fs 1.44.1 (24-Mar-2018)\nCreating filesystem with 524288 4k blocks and 131072 inodes \nFilesystem UUID: 61d947bb-0cd1-41e1-90e0-c9895b6de428 \nSuperblock backups stored on blocks:\n32768, 98304, 163840, 229376, 294912\n\nAllocating group tables: done \nWriting inode tables: done\nCreating journal (16384 blocks): done\nWriting superblocks and filesystem accounting information: done\n```", "```\nroot@ubuntu-linux:~# file -s /dev/sdb1\n/dev/sdb1: Linux rev 1.0 ext4 filesystem data,\nUUID=61d947bb-0cd1-41e1-90e0-c9895b6de428 (extents) (64bit) (large files) (huge files)\n```", "```\nroot@ubuntu-linux:~# wipefs -a /dev/sdb1\n/dev/sdb1: 2 bytes were erased at offset 0x00000438 (ext4): 53 ef\n```", "```\nroot@ubuntu-linux:~# file -s /dev/sdb1\n/dev/sdb1: data\n```", "```\nroot@ubuntu-linux:~# mkfs --type ext4 /dev/sdb1 \nmke2fs 1.44.1 (24-Mar-2018)\nCreating filesystem with 524288 4k blocks and 131072 inodes \nFilesystem UUID: 811aef62-d9ca-4db3-b305-bd896d1c8545 \nSuperblock backups stored on blocks:\n32768, 98304, 163840, 229376, 294912\n\nAllocating group tables: done \nWriting inode tables: done\nCreating journal (16384 blocks): done\nWriting superblocks and filesystem accounting information: done\n```", "```\nmount filesystem mount_directory\n```", "```\nroot@ubuntu-linux:~# mkdir /games\n```", "```\nroot@ubuntu-linux:/# mount /dev/sdb1 /games\n```", "```\nroot@ubuntu-linux:~# lsblk\nNAME   MAJ:MIN  RM SIZE RO TYPE MOUNTPOINT\nsda      8:0    0  20G  0  disk\n| sda1   8:1    0  20G  0  part /\nsdb      8:16   0  10G  0  disk\n| sdb1   8:17   0  2G   0  part /games\nsr0     11:0    1 1024M 0  rom\n```", "```\nroot@ubuntu-linux:/# mount | grep sdb1\n/dev/sdb1 on /games type ext4 (rw,relatime,data=ordered)\n```", "```\nroot@ubuntu-linux:~# df -h /games\nFilesystem     Size Used Avail Use% Mounted on\n/dev/sdb1      2.0G 6.0M 1.8G   1%  /games\n```", "```\nroot@ubuntu-linux:~# cd /games\nroot@ubuntu-linux:/games# touch game1 game2 game3\n```", "```\numount filesystem\n```", "```\nroot@ubuntu-linux:/games# umount /dev/sdb1 \numount: /games: target is busy.\n```", "```\nroot@ubuntu-linux:/games# cd .. \nroot@ubuntu-linux:/# umount /dev/sdb1\n```", "```\nroot@ubuntu-linux:/# lsblk\nNAME   MAJ:MIN RM SIZE  RO TYPE MOUNTPOINT\nsda      8:0   0  20G   0  disk\n| sda1   8:1   0  20G   0  part /\nsdb      8:16  0  10G   0  disk\n| sdb1   8:17  0  2G    0  part\nsr0     11:0   1 1024M  0  rom\nroot@ubuntu-linux:/# mount | grep sdb1\n```", "```\nroot@ubuntu-linux:/# ls /games\n```", "```\nroot@ubuntu-linux:~# mount /dev/sdb1 /games \nroot@ubuntu-linux:~# ls /games\ngame1 game2 game3 lost+found\n```", "```\n/dev/sdb1 /games ext4 defaults 0 0\n```", "```\nroot@ubuntu-linux:~# tail -1 /etc/fstab\n/dev/sdb1   /games ext4   defaults   0   0\n```", "```\nroot@ubuntu-linux:~# umount /dev/sdb1\n```", "```\nroot@ubuntu-linux:~# mount /dev/sdb1\n```", "```\nroot@ubuntu-linux:~# mount -a\n```", "```\nroot@ubuntu-linux:~# mount -a\nmount: /games: special device /dev/sdx1 does not exist.\n```", "```\nroot@ubuntu-linux:~# man fstab\n```", "```\nroot@ubuntu-linux:~# cd /games \nroot@ubuntu-linux:/games#\n```", "```\nroot@ubuntu-linux:/games# dd if=/dev/zero of=bigGame bs=1G count=1 \n1+0 records in\n1+0 records out\n1073741824 bytes (1.1 GB, 1.0 GiB) copied, 1.44297 s, 744 MB/s\n```", "```\nroot@ubuntu-linux:/games# df -h /games \nFilesystem    Size Used Avail Use% Mounted on\n/dev/sdb1     2.0G 1.1G 868M  55%  /games\n```", "```\nroot@ubuntu-linux:/games# dd if=/dev/zero of=bigFish bs=1G count=3 \ndd: error writing 'bigFish': No space left on device\n1+0 records in\n0+0 records out\n1016942592 bytes (1.0 GB, 970 MiB) copied, 1.59397 s, 638 MB/s\n```", "```\nroot@ubuntu-linux:/games# df -h /games \nFilesystem    Size Used Avail Use% Mounted on\n/dev/sdb1     2.0G 2.0G  0    100% /games\n```", "```\nroot@ubuntu-linux:/games# echo Hello > greeting.txt\n-su: echo: write error: No space left on device\n```", "```\nroot@ubuntu-linux:/games# dd if=/dev/urandom of=/dev/sdb1 count=10k\n```", "```\nroot@ubuntu-linux:~# umount /dev/sdb1\n```", "```\nroot@ubuntu-linux:~# mount /dev/sdb1 /games\nmount: /games: wrong fs type, bad option, bad superblock on /dev/sdb1, \nmissing codepage or helper program, or other error.\n```", "```\nroot@ubuntu-linux:~# fsck /dev/sdb1 \nfsck from util-linux 2.31.1\ne2fsck 1.44.1 (24-Mar-2018)\n/dev/sdb1 was not cleanly unmounted, check forced.\nfsck.ext4: Inode checksum does not match inode while reading bad blocks inode \nThis doesn't bode well, but we'll try to go on...\nPass 1: Checking inodes, blocks, and sizes \nInode 1 seems to contain garbage. Clear<y>?\n```", "```\nroot@ubuntu-linux:~# fsck -y /dev/sdb1\n```", "```\nroot@ubuntu-linux:~# fsck /dev/sdb1 \nfsck from util-linux 2.31.1\ne2fsck 1.44.1 (24-Mar-2018)\n/dev/sdb1: clean, 11/131072 files, 9769/524288 blocks\n```", "```\nroot@ubuntu-linux:~# mount /dev/sdb1 /games\n```", "```\nroot@ubuntu-linux:~# apt-get install lvm2\n```", "```\nroot@ubuntu-linux:~# lvm version\n LVM version:     2.02.176(2) (2017-11-03)\n Library version: 1.02.145 (2017-11-03)\n Driver version:  4.37.0\n```", "```\nroot@ubuntu-linux:~# lsblk\nNAME    MAJ:MIN  RM  SIZE  RO  TYPE MOUNTPOINT\nsda       8:0    0   20G   0   disk\n| sda1    8:1    0   20G   0   part /\nsdb       8:16   0   10G   0   disk\n| sdb1    8:17   0    2G   0   part /games\n| sdb2    8:18   0    2G   0   part\n| sdb3    8:19   0    2G   0   part\n| sdb4    8:20   0    2G   0   part\nsr0      11:0    1  1024M  0   rom\n```", "```\npvcreate disk_or_partition\n```", "```\nroot@ubuntu-linux:~# pvcreate /dev/sdb2 /dev/sdb3 /dev/sdb4 \n Physical volume \"/dev/sdb2\" successfully created.\n Physical volume \"/dev/sdb3\" successfully created.\n Physical volume \"/dev/sdb4\" successfully created.\n```", "```\nroot@ubuntu-linux:~# pvs\n PV       VG Fmt Attr PSize PFree\n/dev/sdb2    lvm2 --- 2.00g 2.00g\n/dev/sdb3    lvm2 --- 2.00g 2.00g\n/dev/sdb4    lvm2 --- 2.00g 2.00g\n```", "```\nvgcreate vg_name PV1 PV2 PV3 ...\n```", "```\nroot@ubuntu-linux:~# vgcreate myvg /dev/sdb2 /dev/sdb3 \n Volume group \"myvg\" successfully created\n```", "```\nroot@ubuntu-linux:~# vgs\n VG   #PV #LV #SN Attr   VSize VFree \n myvg   2   0   0 wz--n- 3.99g 3.99g\n```", "```\nlvcreate --size 2G --name lv_name vg_name\n```", "```\nroot@ubuntu-linux:~# lvcreate --size 2G --name mybooks myvg \n Logical volume \"mybooks\" created.\n```", "```\nroot@ubuntu-linux:~# lvcreate --size 500M --name myprojects myvg \n Logical volume \"myprojects\" created.\n```", "```\nroot@ubuntu-linux:~# lvs\n LV         VG   Attr       LSize Pool Origin Data% Meta% Move Log \n mybooks    myvg -wi-a----- 2.00g\n myprojects myvg -wi-a----- 500.00m\n```", "```\nroot@ubuntu-linux:~# ls /dev/mapper \nmyvg-mybooks myvg-myprojects\n```", "```\nroot@ubuntu-linux:~# mkfs --type ext4 /dev/mapper/myvg-mybooks \nmke2fs 1.44.1 (24-Mar-2018)\nCreating filesystem with 524288 4k blocks and 131072 inodes \nFilesystem UUID: d1b43462-6d5c-4329-b027-7ee2ecebfd9a \nSuperblock backups stored on blocks:\n32768, 98304, 163840, 229376, 294912\n\nAllocating group tables: done \nWriting inode tables: done\nCreating journal (16384 blocks): done\nWriting superblocks and filesystem accounting information: done\n```", "```\nroot@ubuntu-linux:~# mkfs --type ext4 /dev/mapper/myvg-myprojects \nmke2fs 1.44.1 (24-Mar-2018)\nCreating filesystem with 512000 1k blocks and 128016 inodes \nFilesystem UUID: 5bbb0826-c845-4ef9-988a-d784cc72f258 \nSuperblock backups stored on blocks:\n8193, 24577, 40961, 57345, 73729, 204801, 221185, 401409\n\nAllocating group tables: done \nWriting inode tables: done\nCreating journal (8192 blocks): done\nWriting superblocks and filesystem accounting information: done\n```", "```\nroot@ubuntu-linux:~# mkdir /books /projects\n```", "```\nroot@ubuntu-linux:~# mount /dev/mapper/myvg-mybooks /books \nroot@ubuntu-linux:~# mount /dev/mapper/myvg-myprojects /projects\n```", "```\nroot@ubuntu-linux:~# mount | tail -n 2\n/dev/mapper/myvg-mybooks on /books type ext4 (rw,relatime,data=ordered)\n/dev/mapper/myvg-myprojects on /projects type ext4 (rw,relatime,data=ordered)\n```", "```\nroot@ubuntu-linux:~# df -h /books\nFilesystem               Size Used Avail Use% Mounted on\n/dev/mapper/myvg-mybooks 2.0G 6.0M 1.8G   1% /books\n```", "```\nroot@ubuntu-linux:/books# dd if=/dev/zero of=book1 bs=1G count=1 \n1+0 records in\n1+0 records out\n1073741824 bytes (1.1 GB, 1.0 GiB) copied, 1.47854 s, 726 MB/s\n```", "```\nroot@ubuntu-linux:/books# dd if=/dev/zero of=book2 bs=900M count=1 \n1+0 records in\n1+0 records out\n943718400 bytes (944 MB, 900 MiB) copied, 1.34533 s, 701 MB/s\n```", "```\nroot@ubuntu-linux:/books# dd if=/dev/zero of=book3 bs=100M count=1 dd: error writing 'book3': No space left on device\n1+0 records in\n0+0 records out\n6103040 bytes (6.1 MB, 5.8 MiB) copied, 0.0462688 s, 132 MB/s\n```", "```\nroot@ubuntu-linux:/books# df -h /books\nFilesystem               Size Used Avail Use% Mounted on\n/dev/mapper/myvg-mybooks 2.0G 2.0G  0    100% /books\n```", "```\nroot@ubuntu-linux:/books# vgs\n VG   #PV #LV #SN  Attr VSize VFree \n myvg 2    2   0 wz--n- 3.99g 1.50g\n```", "```\nroot@ubuntu-linux:/books# lvextend -r --size +1G /dev/mapper/myvg-mybooks\n Size of logical volume myvg/mybooks changed from 2.00 GiB (512 extents) to \n    3.00 GiB (768 extents).\n Logical volume myvg/mybooks successfully resized. \nresize2fs 1.44.1 (24-Mar-2018)\nFilesystem at /dev/mapper/myvg-mybooks is mounted on /books; on-line resizing required \nold_desc_blocks = 1, new_desc_blocks = 1\nThe filesystem on /dev/mapper/myvg-mybooks is now 786432 (4k) blocks long.\n```", "```\nroot@ubuntu-linux:/books# lvs\n LV          VG    Attr LSize     Pool Origin Data% Meta% Move Log Cpy%Sync Convert \n mybooks    myvg -wi-ao---- 3.00g\n myprojects myvg -wi-ao---- 500.00m\n```", "```\nroot@ubuntu-linux:/books# df -h /books\nFilesystem               Size Used Avail Use% Mounted on\n/dev/mapper/myvg-mybooks 2.9G 1.9G 865M  70% /books\n```", "```\nroot@ubuntu-linux:/books# vgs\n VG   #PV #LV #SN Attr   VSize VFree \n myvg 2    2   0  wz--n- 3.99g 516.00m\n```", "```\nroot@ubuntu-linux:~# lvextend -r -l +100%FREE /dev/mapper/myvg-myprojects\n Size of logical volume myvg/myprojects changed from 516.00 MiB (129 extents) \n    to 1016.00 MiB (254 extents).\n Logical volume myvg/myprojects successfully resized. \nresize2fs 1.44.1 (24-Mar-2018)\nFilesystem at /dev/mapper/myvg-myprojects is mounted on /projects;\nThe filesystem on /dev/mapper/myvg-myprojects is now 1040384 (1k) blocks long\n```", "```\nroot@ubuntu-linux:~# lvs\n LV          VG    Attr     LSize    Pool Origin Data% Meta% Move Log Cpy%Sync Convert \n mybooks    myvg -wi-ao---- 3.00g\n myprojects myvg -wi-ao---- 1016.00m \nroot@ubuntu-linux:~# vgs\n VG   #PV #LV #SN Attr   VSize VFree \n myvg 2    2   0  wz--n- 3.99g 0\n```", "```\nroot@ubuntu-linux:~# lvextend -r --size +12M /dev/mapper/myvg-mybooks \n Insufficient free space: 3 extents needed, but only 0 available\n```", "```\nroot@ubuntu-linux:~# vgextend myvg /dev/sdb4 \n Volume group \"myvg\" successfully extended\n```", "```\nroot@ubuntu-linux:~# vgs\n VG   #PV #LV #SN Attr    VSize VFree \n myvg 3    2   0  wz--n- <5.99g <2.00g\n```"]