["```\nMemory: 511MB = 511MB total\nMemory: 505980k/505980k available, 18308k reserved, 0K highmem\nVirtual kernel memory layout:\n  vector  : 0xffff0000 - 0xffff1000   (   4 kB)\n  fixmap  : 0xfff00000 - 0xfffe0000   ( 896 kB)\n  vmalloc : 0xe0800000 - 0xff000000   ( 488 MB)\n  lowmem  : 0xc0000000 - 0xe0000000   ( 512 MB)\n  pkmap   : 0xbfe00000 - 0xc0000000   (   2 MB)\n  modules : 0xbf800000 - 0xbfe00000   (   6 MB)\n    .text : 0xc0008000 - 0xc0763c90   (7536 kB)\n    .init : 0xc0764000 - 0xc079f700   ( 238 kB)\n    .data : 0xc07a0000 - 0xc0827240   ( 541 kB)\n     .bss : 0xc0827240 - 0xc089e940   ( 478 kB)\n```", "```\n$ arm-poky-linux-gnueabi-size vmlinux\ntext      data     bss       dec       hex       filename\n9013448   796868   8428144   18238460  1164bfc   vmlinux\n\n```", "```\n# cat /proc/meminfo\nMemTotal:         509016 kB\nMemFree:          410680 kB\nBuffers:            1720 kB\nCached:            25132 kB\nSwapCached:            0 kB\nActive:            74880 kB\nInactive:           3224 kB\nActive(anon):      51344 kB\nInactive(anon):     1372 kB\nActive(file):      23536 kB\nInactive(file):     1852 kB\nUnevictable:           0 kB\nMlocked:               0 kB\nHighTotal:             0 kB\nHighFree:              0 kB\nLowTotal:         509016 kB\nLowFree:          410680 kB\nSwapTotal:             0 kB\nSwapFree:              0 kB\nDirty:                16 kB\nWriteback:             0 kB\nAnonPages:         51248 kB\nMapped:            24376 kB\nShmem:              1452 kB\nSlab:              11292 kB\nSReclaimable:       5164 kB\nSUnreclaim:         6128 kB\nKernelStack:        1832 kB\nPageTables:         1540 kB\nNFS_Unstable:          0 kB\nBounce:                0 kB\nWritebackTmp:          0 kB\nCommitLimit:      254508 kB\nCommitted_AS:     734936 kB\nVmallocTotal:     499712 kB\nVmallocUsed:       29576 kB\nVmallocChunk:     389116 kB\n```", "```\n# lsmod\nModule            Size  Used by\ng_multi          47670  2\nlibcomposite     14299  1 g_multi\nmt7601Usta       601404  0\n```", "```\n#include <stdio.h>\n#include <stdlib.h>\n#include <string.h>\n#include <sys/resource.h>\n#define BUFFER_SIZE (1024 * 1024)\n\nvoid print_pgfaults(void)\n{\n  int ret;\n  struct rusage usage;\n  ret = getrusage(RUSAGE_SELF, &usage);\n  if (ret == -1) {\n    perror(\"getrusage\");\n  } else {\n    printf (\"Major page faults %ld\\n\", usage.ru_majflt);\n    printf (\"Minor page faults %ld\\n\", usage.ru_minflt);\n  }\n}\n\nint main (int argc, char *argv[])\n{\n  unsigned char *p;\n  printf(\"Initial state\\n\");\n  print_pgfaults();\n  p = malloc(BUFFER_SIZE);\n  printf(\"After malloc\\n\");\n  print_pgfaults();\n  memset(p, 0x42, BUFFER_SIZE);\n  printf(\"After memset\\n\");\n  print_pgfaults();\n  memset(p, 0x42, BUFFER_SIZE);\n  printf(\"After 2nd memset\\n\");\n  print_pgfaults();\n  return 0;\n}\n```", "```\nInitial state\nMajor page faults 0\nMinor page faults 172\nAfter malloc\nMajor page faults 0\nMinor page faults 186\nAfter memset\nMajor page faults 0\nMinor page faults 442\nAfter 2nd memset\nMajor page faults 0\nMinor page faults 442\n```", "```\n# cat /proc/1/maps\n00008000-0000e000 r-xp 00000000 00:0b 23281745   /sbin/init\n00016000-00017000 rwxp 00006000 00:0b 23281745   /sbin/init\n00017000-00038000 rwxp 00000000 00:00 0          [heap]\nb6ded000-b6f1d000 r-xp 00000000 00:0b 23281695   /lib/libc-2.19.so\nb6f1d000-b6f24000 ---p 00130000 00:0b 23281695   /lib/libc-2.19.so\nb6f24000-b6f26000 r-xp 0012f000 00:0b 23281695   /lib/libc-2.19.so\nb6f26000-b6f27000 rwxp 00131000 00:0b 23281695   /lib/libc-2.19.so\nb6f27000-b6f2a000 rwxp 00000000 00:00 0\nb6f2a000-b6f49000 r-xp 00000000 00:0b 23281359   /lib/ld-2.19.so\nb6f4c000-b6f4e000 rwxp 00000000 00:00 0\nb6f4f000-b6f50000 r-xp 00000000 00:00 0          [sigpage]\nb6f50000-b6f51000 r-xp 0001e000 00:0b 23281359   /lib/ld-2.19.so\nb6f51000-b6f52000 rwxp 0001f000 00:0b 23281359   /lib/ld-2.19.so\nbeea1000-beec2000 rw-p 00000000 00:00 0          [stack]\nffff0000-ffff1000 r-xp 00000000 00:00 0          [vectors]\n```", "```\nCONFIG_SWAP\nCONFIG_CGROUP_MEM_RES_CTLR\nCONFIG_CGROUP_MEM_RES_CTLR_SWAP\nCONFIG_ZRAM\n```", "```\n/dev/zram0 none swap defaults zramsize=<size in bytes>,swapprio=<swap partition priority>\n```", "```\n# swapon /dev/zram0\n# swapoff /dev/zram0\n```", "```\nvoid *mmap(void *addr, size_t length, int prot, int flags,\n  int fd, off_t offset);\n```", "```\nint shm_fd;\nchar *shm_p;\n\nshm_fd = shm_open(\"/myshm\", O_CREAT | O_RDWR, 0666);\nftruncate(shm_fd, 65536);\nshm_p = mmap(NULL, 65536, PROT_READ | PROT_WRITE,\n  MAP_SHARED, shm_fd, 0);\n```", "```\nint f;\nint fb_size;\nunsigned char *fb_mem;\n\nf = open(\"/dev/fb0\", O_RDWR);\n/* Use ioctl FBIOGET_VSCREENINFO to find the display dimensions\n  and calculate fb_size */\nfb_mem = mmap(0, fb_size, PROT_READ | PROT_WRITE, MAP_SHARED, f, 0);\n/* read and write pixels through pointer fb_mem */\n```", "```\n             total     used     free   shared  buffers   cached\nMem:        509016   504312     4704        0    26456   363860\n-/+ buffers/cache:   113996   395020\nSwap:            0        0        0\n```", "```\n# echo 3 > /proc/sys/vm/drop_caches\n```", "```\n# ps -eo pid,tid,class,rtprio,stat,vsz,rss,comm\n\n  PID   TID CLS RTPRIO STAT    VSZ   RSS COMMAND\n    1     1 TS       - Ss     4496  2652 systemd\n  ...\n  205   205 TS       - Ss     4076  1296 systemd-journal\n  228   228 TS       - Ss     2524  1396 udevd\n  581   581 TS       - Ss     2880  1508 avahi-daemon\n  584   584 TS       - Ss     2848  1512 dbus-daemon\n  590   590 TS       - Ss     1332   680 acpid\n  594   594 TS       - Ss     4600  1564 wpa_supplicant\n```", "```\ntop - 21:17:52 up 10:04,  1 user,  load average: 0.00, 0.01, 0.05\nTasks:  96 total,   1 running,  95 sleeping,   0 stopped,   0 zombie\n%Cpu(s):  1.7 us,  2.2 sy,  0.0 ni, 95.9 id,  0.0 wa,  0.0 hi,  0.2 si,  0.0 st\nKiB Mem:    509016 total,   278524 used,   230492 free,    25572 buffers\nKiB Swap:        0 total,        0 used,        0 free,   170920 cached\n\nPID USER      PR  NI  VIRT  RES  SHR S  %CPU %MEM    TIME+  COMMAND\n1098 debian    20   0 29076  16m 8312 S   0.0  3.2   0:01.29 wicd-client\n  595 root      20   0 64920 9.8m 4048 S   0.0  2.0   0:01.09 node\n  866 root      20   0 28892 9152 3660 S   0.2  1.8   0:36.38 Xorg\n```", "```\nb6e6d000-b6f45000 r-xp 00000000 b3:02 2444 /lib/libc-2.13.so\nSize:                864 kB\nRss:                 264 kB\nPss:                   6 kB\nShared_Clean:        264 kB\nShared_Dirty:          0 kB\nPrivate_Clean:         0 kB\nPrivate_Dirty:         0 kB\nReferenced:          264 kB\nAnonymous:             0 kB\nAnonHugePages:         0 kB\nSwap:                  0 kB\nKernelPageSize:        4 kB\nMMUPageSize:           4 kB\nLocked:                0 kB\nVmFlags: rd ex mr mw me\n```", "```\n# smem -t\n PID User  Command                   Swap      USS     PSS     RSS\n 610 0     /sbin/agetty -s ttyO0 11     0      128     149     720\n1236 0     /sbin/agetty -s ttyGS0 1     0      128     149     720\n 609 0     /sbin/agetty tty1 38400      0      144     163     724\n 578 0     /usr/sbin/acpid              0      140     173     680\n 819 0     /usr/sbin/cron               0      188     201     704\n 634 103   avahi-daemon: chroot hel     0      112     205     500\n 980 0     /usr/sbin/udhcpd -S /etc     0      196     205     568\n  ...\n 836 0     /usr/bin/X :0 -auth /var     0     7172    7746    9212\n 583 0     /usr/bin/node autorun.js     0     8772    9043   10076\n1089 1000  /usr/bin/python -O /usr/     0     9600   11264   16388\n------------------------------------------------------------------\n  53 6                                  0    65820   78251  146544\n```", "```\n# smemcap > smem-bbb-cap.tar\n```", "```\n$ smem -t -S smem-bbb-cap.tar\n```", "```\n#include <mcheck.h>\n#include <stdlib.h>\n#include <stdio.h>\n\nint main(int argc, char *argv[])\n{\n  int j;\n  mtrace();\n  for (j = 0; j < 2; j++)\n    malloc(100);  /* Never freed:a memory leak */\n  calloc(16, 16);  /* Never freed:a memory leak */\n  exit(EXIT_SUCCESS);\n}\n```", "```\n$ export MALLOC_TRACE=mtrace.log\n$ ./mtrace-example\n$ mtrace mtrace-example mtrace.log\n\nMemory not freed:\n-----------------\n           Address     Size     Caller\n0x0000000001479460     0x64  at /home/chris/mtrace-example.c:11\n0x00000000014794d0     0x64  at /home/chris/mtrace-example.c:11\n0x0000000001479540    0x100  at /home/chris/mtrace-example.c:15\n```", "```\n$ valgrind --leak-check=full ./mtrace-example\n==17235== Memcheck, a memory error detector\n==17235== Copyright (C) 2002-2013, and GNU GPL'd, by Julian Seward et al.\n==17235== Using Valgrind-3.10.0.SVN and LibVEX; rerun with -h for copyright info\n==17235== Command: ./mtrace-example\n==17235==\n==17235==\n==17235== HEAP SUMMARY:\n==17235==  in use at exit: 456 bytes in 3 blocks\n==17235==  total heap usage: 3 allocs, 0 frees, 456 bytes allocated\n==17235==\n==17235== 200 bytes in 2 blocks are definitely lost in loss record 1 of 2\n==17235==    at 0x4C2AB80: malloc (in /usr/lib/valgrind/vgpreload_memcheck-linux.so)\n==17235==    by 0x4005FA: main (mtrace-example.c:12)\n==17235==\n==17235== 256 bytes in 1 blocks are definitely lost in loss record 2 of 2\n==17235==    at 0x4C2CC70: calloc (in /usr/lib/valgrind/vgpreload_memcheck-linux.so)\n==17235==    by 0x400613: main (mtrace-example.c:14)\n==17235==\n==17235== LEAK SUMMARY:\n==17235==    definitely lost: 456 bytes in 3 blocks\n==17235==    indirectly lost: 0 bytes in 0 blocks\n==17235==      possibly lost: 0 bytes in 0 blocks\n==17235==    still reachable: 0 bytes in 0 blocks\n==17235==         suppressed: 0 bytes in 0 blocks\n==17235==\n==17235== For counts of detected and suppressed errors, rerun with: -v\n==17235== ERROR SUMMARY: 2 errors from 2 contexts (suppressed: 0 from 0)\n```", "```\n# echo 25 > /proc/sys/vm/overcommit_ratio\n# grep -e MemTotal -e CommitLimit /proc/meminfo\nMemTotal:         509016 kB\nCommitLimit:      127252 kB\n```", "```\n# grep -e MemTotal -e Committed_AS /proc/meminfo\nMemTotal:         509016 kB\nCommitted_AS:     741364 kB\n```", "```\n[44510.490320] eatmem invoked oom-killer: gfp_mask=0x200da, order=0, oom_score_adj=0\n...\n```"]